// Jest Snapshot v1, https://goo.gl/fbAQLP

exports[`Feature Price Component renders UI as expected 1`] = `
<div
  className="summary__option"
  key="my Key"
>
  <div
    className="summary__option__label"
  >
    my Key
     
  </div>
  <div
    className="summary__option__value"
  >
    My Prop Name
  </div>
  <div
    className="summary__option__cost"
  >
    $700.00
  </div>
</div>
`;
